<h2>
    <a name="Apache_Maven_Site_Plugin"></a>Apache Maven Site Plugin
</h2>
<p>The Site Plugin is used to generate a site for the project. The generated site also includes the project's
    reports that were configured in the POM.</p>
<p>
    This is the site for <b>version 3</b> of the maven-site-plugin. It requires at least Maven 2.2.1 to run. If you are
    looking for <b>version 2</b> you can find it <a href="/plugins/maven-site-plugin-2.x/index.html">here</a>.
</p>
<p>
    Please read the <a href="./migrate.html">migration guide</a> if you want to upgrade from a previous version.
</p>
<div class="section">
    <h3>
        <a name="Goals_Overview"></a>Goals Overview
    </h3>
    <p>The Site Plugin has seven goals:</p>
</div>
<div class="section">
    <h3>
        <a name="Usage"></a>Usage
    </h3>
    <p>
        General instructions on how to use the Site Plugin can be found on the <a href="./usage.html">usage page</a>.
        Some
        more specific use cases are described in the <tt>examples</tt> given below.
    </p>
</div>
