<h2 id="Apache_Maven_Site_Plugin"> Apache Maven Site Plugin </h2> 
<div class="section"> 
 <h3 id="Usage"> Usage </h3> 
 <p> General instructions on how to use the Site Plugin can be found on the <a href="./usage.html">usage page</a>. Some more specific use cases are described in the <code class="literal">examples</code> given below. </p> 
</div>