<div class="section"> 
 <i class="fas fa-plus"></i> 
 <i class="fas fa-minus"></i> 
 <i class="fas fa-wrench"></i> 
 <i class="fas fa-redo"></i> 
 <i class="fas fa-question"></i> 
 <i class="fas fa-check-circle"></i> 
 <i class="fas fa-exclamation-triangle"></i> 
 <i class="fas fa-exclamation-circle"></i> 
 <i class="fas fa-info"></i> 
</div>