<h2 id="Apache_Maven_Site_Plugin"> Apache Maven Site Plugin </h2> 
<div class="section"> 
 <h3 id="Usage"> Usage </h3> 
 <p> General instructions on how to use the Site Plugin can be found on the <a href=""><img src="image/usage.png" class="img-fluid">usage page</a>. Some more specific use cases are described in the examples given below. </p> 
 <table> 
  <tbody> 
   <tr> 
    <td>column 1</td> 
    <td>column 2</td> 
   </tr> 
   <tr> 
    <td>value 1</td> 
    <td>value 2</td> 
   </tr> 
  </tbody> 
 </table> 
 <table class="bodyTable table table-striped table-hover"> 
  <tbody> 
   <tr> 
    <td>column 1</td> 
    <td>column 2</td> 
   </tr> 
   <tr> 
    <td>value 1</td> 
    <td>value 2</td> 
   </tr> 
  </tbody> 
 </table> 
 <table>
  <thead>
   <tr> 
    <th>column 1</th> 
    <th>column 2</th> 
   </tr>
  </thead> 
  <tbody>  
   <tr> 
    <td>value 1</td> 
    <td>value 2</td> 
   </tr> 
  </tbody> 
 </table> 
</div>