<html>
 <head> 
 </head> 
 <body> 
  <h2>card example</h2> 
  <div class="card" style="width: 18rem;"> 
   <img src="..." class="card-img-top" alt="..."> 
   <div class="card-body"> 
    <h5 class="card-title">Card title</h5> 
    <p class="card-text">Some quick example text to build on the card title and make up the bulk of the card's content.</p> 
    <a href="#" class="btn btn-primary">Go somewhere</a> 
   </div> 
  </div>   
  <h2>Card Body</h2> 
  <div class="card" style="width: 18rem;"> 
   <div class="card-body">
     This is some text within a card body. 
   </div> 
  </div>   
  <h2>Card group</h2> 
  <div class="card-group"> 
   <p> </p> 
   <div class="card" style="width: 18rem;"> 
    <div class="card-body">
      This is some text within a card body. 
    </div> 
   </div> 
   <div class="card" style="width: 18rem;"> 
    <div class="card-body">
      This is some text within a card body. 
    </div> 
   </div> 
  </div>  
  <p>   </p>
 </body>
</html>