<html>
 <head> 
 </head> 
 <body> 
  <h2>badge example</h2> 
  <div> 
   <p><b>Type:</b> <span class="badge badge-info">BADGE INFO</span> <code>element</code> .</p> 
   <p><b>Type:</b> <span class="badge badge-info">BADGE INFO</span> <code>element</code> . Format <span class="badge badge-secondary">HTML</span></p>
  </div> 
  <h2>badge example in web component</h2> 
  <div class="bd-example"> 
   <h6 class="no-anchor">Example heading <span class="badge badge-secondary">NEW</span></h6> 
  </div>   
 </body>
</html>