<html>
 <head> 
 </head> 
 <body> 
  <h2>layout example</h2>  
  <div class="container highlight highlight-about"> 
   <div class="row"> 
    <div class="col-sm-6"> 
     <h2> <a name="Reflow_Maven_skin"></a> <span class="color-highlight">Reflow</span> Maven skin </h2> 
     <p> is an <a href="...">Apache Maven site</a> skin built on <a href="..." target="_blank" rel="noopener">Bootstrap</a> . It allows various structural and stylistic customizations to create a modern-looking Maven-generated website. </p> 
    </div> 
    <div class="col-sm-offset-1 col-sm-5 text-right"> 
     <img src="./images/logo.svg" height="80%" width="80%"> 
    </div> 
   </div> 
  </div>   
  <div class="highlight highlight-responsive-layout"> 
   <div class="container"> 
    <div class="row"> 
     <div class="col"> 
      <img src="..."> 
     </div> 
     <div class="col text-right"> 
      <h2>Responsive Layout</h2> 
     </div> 
    </div> 
   </div> 
  </div>     
 </body>
</html>