<html> 
 <head> 
 </head> 
 <body> 
  <h2>card example</h2> 
  <div class="col mb-4"> 
   <div class="card h-100"> 
    <div class="card-body"> 
     <h5 class="card-title no-anchor"><a href="doc/theme.html">Themes</a></h5> 
     <p class="card-text"> Some quick example text to build on the card title and make up the bulk of the card's content. <a href="#" class="btn btn-primary">Go somewhere</a></p> 
    </div> 
   </div> 
  </div>  
 </body>
</html>