<html>
 <head> 
 </head> 
 <body>   
  <div id="carousel1" class="carousel slide  carousel-fade" data-ride="carousel"> 
   <ol class="carousel-indicators"> 
    <li data-target="#carousel1" data-slide-to="0" class="active"></li> 
    <li data-target="#carousel1" data-slide-to="1" class=""></li> 
    <li data-target="#carousel1" data-slide-to="2" class=""></li> 
   </ol> 
   <div class="carousel-inner"> 
    <div class="carousel-item active " data-interval="10000"> 
     <img src="img/image.jpg"> 
     <div class="carousel-caption d-none d-md-block "> 
      <h5>First slide label</h5> 
      <p>Nulla vitae elit libero, a pharetra augue mollis interdum.</p> 
     </div> 
    </div> 
    <div class="carousel-item  " data-interval="2000"> 
     <img src="img/image.jpg"> 
     <div class="carousel-caption d-none d-md-block "> 
      <h5>Second slide label</h5> 
      <p>Lorem ipsum dolor sit amet, consectetur adipiscing elit.</p> 
     </div> 
    </div> 
    <div class="carousel-item  " data-interval="500"> 
     <img src="img/image.jpg"> 
     <div class="carousel-caption d-none d-md-block "> 
      <h5>Third slide label</h5> 
      <p>Praesent commodo cursus magna, vel scelerisque nisl consectetur.</p> 
     </div> 
    </div> 
   </div> 
   <a class="carousel-control-prev" href="#carousel1" role="button" data-slide="prev"> <span class="carousel-control-prev-icon" aria-hidden="true"></span> <span class="sr-only">Previous</span> </a> 
   <a class="carousel-control-next" href="#carousel1" role="button" data-slide="next"> <span class="carousel-control-next-icon" aria-hidden="true"></span> <span class="sr-only">Next</span> </a> 
  </div> 
  <p>check Carousel when first in sibling list of body.</p> 
  <h1>Include carousel</h1> 
  <p>This page contains a carousel</p> 
  <h2>Carousel in comment</h2> 
  <div id="carousel2" class="carousel slide  carousel-fade" data-ride="carousel"> 
   <ol class="carousel-indicators"> 
    <li data-target="#carousel2" data-slide-to="0" class="active"></li> 
    <li data-target="#carousel2" data-slide-to="1" class=""></li> 
    <li data-target="#carousel2" data-slide-to="2" class=""></li> 
   </ol> 
   <div class="carousel-inner"> 
    <div class="carousel-item active " data-interval="10000"> 
     <img src="img/image.jpg"> 
     <div class="carousel-caption d-none d-md-block "> 
      <h5>First slide label</h5> 
      <p>Nulla vitae elit libero, a pharetra augue mollis interdum.</p> 
     </div> 
    </div> 
    <div class="carousel-item  " data-interval="2000"> 
     <img src="img/image.jpg"> 
     <div class="carousel-caption d-none d-md-block "> 
      <h5>Second slide label</h5> 
      <p>Lorem ipsum dolor sit amet, consectetur adipiscing elit.</p> 
     </div> 
    </div> 
    <div class="carousel-item  " data-interval="500"> 
     <img src="img/image.jpg"> 
     <div class="carousel-caption d-none d-md-block "> 
      <h5>Third slide label</h5> 
      <p>Praesent commodo cursus magna, vel scelerisque nisl consectetur.</p> 
     </div> 
    </div> 
   </div> 
   <a class="carousel-control-prev" href="#carousel2" role="button" data-slide="prev"> <span class="carousel-control-prev-icon" aria-hidden="true"></span> <span class="sr-only">Previous</span> </a> 
   <a class="carousel-control-next" href="#carousel2" role="button" data-slide="next"> <span class="carousel-control-next-icon" aria-hidden="true"></span> <span class="sr-only">Next</span> </a> 
  </div>   
  <h2>Carousel in code caption and unicode characters.</h2> 
  <div id="carousel3" class="carousel slide  carousel-fade" data-ride="carousel"> 
   <ol class="carousel-indicators"> 
    <li data-target="#carousel3" data-slide-to="0" class="active"></li> 
    <li data-target="#carousel3" data-slide-to="1" class=""></li> 
    <li data-target="#carousel3" data-slide-to="2" class=""></li> 
   </ol> 
   <div class="carousel-inner"> 
    <div class="carousel-item active " data-interval="10000"> 
     <img src="img/image.jpg"> 
     <div class="carousel-caption d-none d-md-block "> 
      <h5>First slide label</h5> 
      <p>Nulla vitae elit libero, a pharetra augue mollis interdum.</p> 
     </div> 
    </div> 
    <div class="carousel-item  " data-interval="2000"> 
     <img src="img/image.jpg"> 
     <div class="carousel-caption d-none d-md-block "> 
      <h5>Second slide label</h5> 
      <p>Lorem ipsum dolor sit amet, consectetur adipiscing elit.</p> 
     </div> 
    </div> 
    <div class="carousel-item  " data-interval="500"> 
     <img src="img/image.jpg"> 
     <div class="carousel-caption d-none d-md-block "> 
      <h5>Third slide label</h5> 
      <p>Praesent commodo cursus magna, vel scelerisque nisl consectetur.</p> 
     </div> 
    </div> 
   </div> 
   <a class="carousel-control-prev" href="#carousel3" role="button" data-slide="prev"> <span class="carousel-control-prev-icon" aria-hidden="true"></span> <span class="sr-only">Previous</span> </a> 
   <a class="carousel-control-next" href="#carousel3" role="button" data-slide="next"> <span class="carousel-control-next-icon" aria-hidden="true"></span> <span class="sr-only">Next</span> </a> 
  </div>   
  <h2>Carousel</h2> 
  <div id="carousel4" class="carousel slide  carousel-fade" data-ride="carousel"> 
   <ol class="carousel-indicators"> 
    <li data-target="#carousel4" data-slide-to="0" class="active"></li> 
    <li data-target="#carousel4" data-slide-to="1" class=""></li> 
    <li data-target="#carousel4" data-slide-to="2" class=""></li> 
   </ol> 
   <div class="carousel-inner"> 
    <div class="carousel-item active " data-interval="10000"> 
     <svg class="bd-placeholder-img bd-placeholder-img-lg d-block w-100" width="800" height="400" xmlns="http://www.w3.org/2000/svg" preserveaspectratio="xMidYMid slice" focusable="false" role="img" aria-label="Placeholder: First slide"> 
      <title>Placeholder</title> 
      <rect width="100%" height="100%" fill="#666"></rect> 
      <text x="50%" y="50%" fill="#444" dy=".3em">
        First slide 
      </text> 
     </svg> 
     <div class="carousel-caption d-none d-md-block "> 
      <h5>First slide label</h5> 
      <p>Nulla vitae elit libero, a pharetra augue mollis interdum.</p> 
     </div> 
    </div> 
    <div class="carousel-item  " data-interval="2000"> 
     <svg class="bd-placeholder-img bd-placeholder-img-lg d-block w-100" width="800" height="400" xmlns="http://www.w3.org/2000/svg" preserveaspectratio="xMidYMid slice" focusable="false" role="img" aria-label="Placeholder: Second slide"> 
      <title>Placeholder</title> 
      <rect width="100%" height="100%" fill="#666"></rect> 
      <text x="50%" y="50%" fill="#444" dy=".3em">
        Second slide 
      </text> 
     </svg> 
     <div class="carousel-caption d-none d-md-block "> 
      <h5>Second slide label</h5> 
      <p>Lorem ipsum dolor sit amet, consectetur adipiscing elit.</p> 
     </div> 
    </div> 
    <div class="carousel-item  "> 
     <svg class="bd-placeholder-img bd-placeholder-img-lg d-block w-100" width="800" height="400" xmlns="http://www.w3.org/2000/svg" preserveaspectratio="xMidYMid slice" focusable="false" role="img" aria-label="Placeholder: Third slide"> 
      <title>Placeholder</title> 
      <rect width="100%" height="100%" fill="#666"></rect> 
      <text x="50%" y="50%" fill="#444" dy=".3em">
        Third slide 
      </text> 
     </svg> 
     <div class="carousel-caption d-none d-md-block "> 
      <h5>Third slide label</h5> 
      <p>Praesent commodo cursus magna, vel scelerisque nisl consectetur.</p> 
     </div> 
    </div> 
   </div> 
   <a class="carousel-control-prev" href="#carousel4" role="button" data-slide="prev"> <span class="carousel-control-prev-icon" aria-hidden="true"></span> <span class="sr-only">Previous</span> </a> 
   <a class="carousel-control-next" href="#carousel4" role="button" data-slide="next"> <span class="carousel-control-next-icon" aria-hidden="true"></span> <span class="sr-only">Next</span> </a> 
  </div>     
 </body>
</html>